=== Partition 1/10 ===
test_bad_process_output_is_not_evidence (test_unity_observation.UnityJobTests.test_bad_process_output_is_not_evidence) ... ok
test_missing_capability_never_submits (test_unity_observation.UnityJobTests.test_missing_capability_never_submits) ... ok
test_uncertain_terminal_states_retain_ownership (test_unity_observation.UnityJobTests.test_uncertain_terminal_states_retain_ownership) ... ok
test_no_result_is_not_universal_absence (test_unity_observation.UnityReducerTests.test_no_result_is_not_universal_absence) ... ok

----------------------------------------------------------------------
Ran 4 tests in 20.975s

OK

=== Partition 2/10 ===
test_changed_provider_executable_input_blocks_before_submit (test_unity_observation.UnityJobTests.test_changed_provider_executable_input_blocks_before_submit) ... ok
test_missing_coverage_expectation_blocks_before_submit (test_unity_observation.UnityJobTests.test_missing_coverage_expectation_blocks_before_submit) ... ok
test_unknown_reuse_policy_rejected (test_unity_observation.UnityJobTests.test_unknown_reuse_policy_rejected) ... ok
test_outside_scope_duplicate_and_missing_properties_rejected (test_unity_observation.UnityReducerTests.test_outside_scope_duplicate_and_missing_properties_rejected) ... ok

----------------------------------------------------------------------
Ran 4 tests in 1.198s

OK

=== Partition 3/10 ===
test_confirmed_stopped_states_release_ownership_without_pass (test_unity_observation.UnityJobTests.test_confirmed_stopped_states_release_ownership_without_pass) ... ok
test_never_reuse_live_observation (test_unity_observation.UnityJobTests.test_never_reuse_live_observation) ... ok
test_capture_digest_and_source_and_paths (test_unity_observation.UnityReducerTests.test_capture_digest_and_source_and_paths) ... ok
test_reducers_never_mark_human_accepted (test_unity_observation.UnityReducerTests.test_reducers_never_mark_human_accepted) ... ok

----------------------------------------------------------------------
Ran 4 tests in 12.062s

OK

=== Partition 4/10 ===
test_disabled_config_never_starts_provider (test_unity_observation.UnityJobTests.test_disabled_config_never_starts_provider) ... ok
test_partial_search_fails_coverage_expectation (test_unity_observation.UnityJobTests.test_partial_search_fails_coverage_expectation) ... ok
test_csv_quoted_fields_and_header_validation (test_unity_observation.UnityReducerTests.test_csv_quoted_fields_and_header_validation) ... ok
test_run_file_rejects_symlink (test_unity_observation.UnityReducerTests.test_run_file_rejects_symlink) ... ok

----------------------------------------------------------------------
Ran 4 tests in 3.972s

OK

=== Partition 5/10 ===
test_every_operation_runs_actual_provider_and_parser (test_unity_observation.UnityJobTests.test_every_operation_runs_actual_provider_and_parser) ... ok
test_persistence_and_localization_failures_propagate (test_unity_observation.UnityJobTests.test_persistence_and_localization_failures_propagate) ... ok
test_empty_rosters_rejected_before_execution (test_unity_observation.UnityReducerTests.test_empty_rosters_rejected_before_execution) ... ok
test_search_counts_and_scoped_properties (test_unity_observation.UnityReducerTests.test_search_counts_and_scoped_properties) ... ok

----------------------------------------------------------------------
Ran 4 tests in 21.698s

OK

=== Partition 6/10 ===
test_explicit_fresh_verification_from_ready (test_unity_observation.UnityJobTests.test_explicit_fresh_verification_from_ready) ... ok
test_poll_budget_stops_without_claiming_cancellation (test_unity_observation.UnityJobTests.test_poll_budget_stops_without_claiming_cancellation) ... ok
test_frozen_and_failed_conditions_are_observed_not_invented (test_unity_observation.UnityReducerTests.test_frozen_and_failed_conditions_are_observed_not_invented) ... ok
test_unknown_fields_nonfinite_and_oversize_rejected (test_unity_observation.UnityReducerTests.test_unknown_fields_nonfinite_and_oversize_rejected) ... ok

----------------------------------------------------------------------
Ran 4 tests in 10.017s

OK

=== Partition 7/10 ===
test_frozen_smoke_fails_despite_capture (test_unity_observation.UnityJobTests.test_frozen_smoke_fails_despite_capture) ... ok
test_probe_not_ready_never_submits (test_unity_observation.UnityJobTests.test_probe_not_ready_never_submits) ... ok
test_incomplete_search_is_never_labeled_complete (test_unity_observation.UnityReducerTests.test_incomplete_search_is_never_labeled_complete) ... ok
test_unknown_locale_duplicate_pair_and_unknown_code_site_rejected (test_unity_observation.UnityReducerTests.test_unknown_locale_duplicate_pair_and_unknown_code_site_rejected) ... ok

----------------------------------------------------------------------
Ran 4 tests in 4.708s

OK

=== Partition 8/10 ===
test_identity_changes_rejected_and_ownership_retained (test_unity_observation.UnityJobTests.test_identity_changes_rejected_and_ownership_retained) ... ok
test_source_mutation_during_observation_invalidates_run (test_unity_observation.UnityJobTests.test_source_mutation_during_observation_invalidates_run) ... ok
test_mandatory_expectations_and_type_checks (test_unity_observation.UnityReducerTests.test_mandatory_expectations_and_type_checks) ... ok

----------------------------------------------------------------------
Ran 3 tests in 21.070s

OK

=== Partition 9/10 ===
test_invalid_spec_never_starts_provider (test_unity_observation.UnityJobTests.test_invalid_spec_never_starts_provider) ... ok
test_success_one_submit_local_poll_and_human_pending (test_unity_observation.UnityJobTests.test_success_one_submit_local_poll_and_human_pending) ... ok
test_missing_asset_or_unsaved_binding_is_failure (test_unity_observation.UnityReducerTests.test_missing_asset_or_unsaved_binding_is_failure) ... ok

----------------------------------------------------------------------
Ran 3 tests in 4.377s

OK

=== Partition 10/10 ===
test_lost_submit_retains_ownership_and_blocks_resubmit (test_unity_observation.UnityJobTests.test_lost_submit_retains_ownership_and_blocks_resubmit) ... ok
test_timeout_is_not_server_cancellation (test_unity_observation.UnityJobTests.test_timeout_is_not_server_cancellation) ... ok
test_missing_locale_empty_translation_and_code_site (test_unity_observation.UnityReducerTests.test_missing_locale_empty_translation_and_code_site) ... ok

----------------------------------------------------------------------
Ran 3 tests in 4.976s

OK

