
[38;5;146m› [38;5;110mshow me every markdown shape you can draw[39m

[1m[38;5;252mWrapping torture[0m

[38;5;252mHere is a [1mtable[0m[38;5;252m and a [48;5;234mcode fence[49m and an unbroken monster.[39m

[38;5;145mcolumn one  what it does[39m                                 [38;5;145mthe default[39m
[38;5;102m───────────────────────────────────────────────────────────────────────[39m
[38;5;252m--host      runs the engine on another machine over ssh  unset[39m
[38;5;252m--at        names the working directory on that machine  the launch dir[39m
[38;5;252m--attach    carries a file across to the engine          nothing[39m

[38;5;252mLook at[39m
[4m[38;5;252mhttps://openrouter.ai/api/v1/chat/completions?model=deepseek/deepseek-v4-flash-l
atest&stream=true&provider=openinference[0m[38;5;252m for the shape.[39m

[38;5;252mThe file lives at[39m
[38;5;252m/tmp/claude-1001/-home-example-af-dev/2418657d-8173-4e64-b3ec-73decce3d3d5/scrat
chpad/demohome/.aforge/v3/projects/aforge-v2/transcript.jsonl and it is long.[39m

  [38;5;102m▏[38;5;255m[48;5;234m [38;5;182mfunc[38;5;255m (a *app) [38;5;152mburnSegment[38;5;255m() [38;5;182mstring[38;5;255m {[39m
[49m  [38;5;102m▏[38;5;255m[48;5;234m     [38;5;182mif[38;5;255m a.state != stateWorking || a.turnBegan.[38;5;152mIsZero[38;5;255m() { [38;5;182mreturn[39m
[38;5;102m[49m↳ ▏[38;5;255m[48;5;234m a.[38;5;152mholdBurn[38;5;255m([38;5;151m""[38;5;255m) }[39m
[49m  [38;5;102m▏[38;5;255m[48;5;234m     [38;5;182mreturn[38;5;255m a.[38;5;152mholdBurn[38;5;255m([38;5;152mtokenWord[38;5;255m([38;5;152mburnStep[38;5;255m([38;5;182mint[38;5;255m([38;5;182mfloat64[38;5;255m(written)/elapsed.Secon[39m
[38;5;102m[49m↳ ▏[38;5;255m[48;5;234m [38;5;152mds[38;5;255m()))) + [38;5;151m" tok/s"[38;5;255m)[39m
[49m  [38;5;102m▏[38;5;255m[48;5;234m }[39m
[49m                                                               [38;5;243m↓ latest · ctrl+l
─ master* ────────────────────── [38;5;116mspace[38;5;243m [38;5;116mspace[38;5;243m home · [38;5;116mctrl+k[38;5;243m switch · [38;5;116m/[38;5;243m commands ─

[39m                                                                          [38;5;243m⠿ high
[39m [38;5;243m› [39m
[38;5;243mWrapping Torture · deepseek-v4-flash-latest[39m
                [38;5;243mcrew balanced · ◦ keeping an eye on 3 · $0.12 · 5.8k/1.3M · idle
