                                                                                          [38;5;243m│ + /task[39m
  [38;5;243m· [38;5;116m3[38;5;243m standing orders here — [38;5;146m[48;5;237m/standing[39m[49m                                                    [38;5;243m│ [39m
  [38;5;243m· new conversation · aforge-v2[39m                                                          [38;5;243m│ standing[39m
                                                                                          [38;5;243m│ ◦[39m [38;5;110mthe morning sweep[39m
[38;5;146m› [38;5;110mlist the files in this directory with the list tool, then in one sentence say what this[39m [38;5;243m│ [1m[38;5;140m?[0m [38;5;110mCI on master[39m
  [38;5;110mproject is[39m                                                                              [38;5;243m│ ◦[39m [38;5;110mthe public API[39m
                                                                                          [38;5;243m│ + /standing[39m
  [38;5;243m╰─▶ [38;5;110mls[39m                                                                         [38;5;243m8 entries│ [39m
                                                                                          [38;5;243m│ [39m
[38;5;146m  ·[38;5;243m connecting · 1.2s[39m                                                                     [38;5;243m│ [39m
                                                                                          [38;5;243m│ [39m
                                                                                          [38;5;243m│ [39m
                                                                                          [38;5;243m│ [39m
                                                                                          [38;5;243m│ [39m
                                                                                          [38;5;243m│ [39m
                                                                                          [38;5;243m│ [39m
                                                                                          [38;5;243m│ [39m
                                                                                          [38;5;243m│ [39m
                                                                                          [38;5;243m│ [39m
                                                                                          [38;5;243m│ [39m
                                                                                          [38;5;243m│ [39m
                                                                                          [38;5;243m│ [39m
                                                                                          [38;5;243m│ [39m
                                                                                          [38;5;243m│ [39m
                                                                                          [38;5;243m│ [39m
                                                                                          [38;5;243m│ [39m
                                                                                          [38;5;243m│ [39m
                                                                                          [38;5;243m│ [39m
                                                                                          [38;5;243m│ [39m
                                                                                          [38;5;243m│ [39m
                                                                                          [38;5;243m│ [39m
                                                                                          [38;5;243m│ Σ $0.0051 · 20.9k tok[39m
                                                                                          [38;5;243m│ [38;5;116mctrl+.[38;5;243m earlier[39m
                                                                                          [38;5;243m│ [38;5;252m❯[39m [38;5;116mctrl+g[38;5;243m hide[39m

[38;5;243m─ master* ────────────────────────────────────────────────────────────────────────────────────────────── [38;5;116mesc[38;5;243m interrupt ─

[39m                                                                                                                  [38;5;243m⠿ high
[39m [38;5;243m› [39m
[38;5;243maforge-v2 · claude-3-haiku · connecting · 1.2s[39m         [38;5;243m◦ keeping an eye on 3 · [38;5;252m$0.0051[38;5;243m · 5.3k/200k · 3% · [38;5;146m⠸[39m [38;5;146mworking[38;5;243m · [38;5;146m4s
