 [1m[38;5;110maforge[0m                                                                      [38;5;186m1 want you[39m · [38;5;115m$1.85 / $500.00[39m · [38;5;243mwed 11:32pm[39m
 [1m[38;5;252m[48;5;237m home [0m [38;5;243m tasks [39m [38;5;243m standing [39m [38;5;243m memory 1 [39m [38;5;243m spend [39m [38;5;243m search [39m [38;5;243m settings [39m
[38;5;243m────────────────────────────────────────────────────────────────────────────────────────────────────────────────────────























[39m  [38;5;243m/compact[39m                                                                    [38;5;243ma command · summarize the conversation now
[39m  [38;5;243m/resume[39m                                                      [38;5;243ma command · open an earlier conversation · also /sessions
[39m  [38;5;243m/new[39m                                [38;5;243ma command · start another conversation in this project · also /clear /clean /reset
[39m  [38;5;243m/connect[39m                                     [38;5;243ma command · your connected accounts · connect another · also /connections
[39m  [38;5;243m/settings[39m                                             [38;5;243ma command · open the settings panel · ctrl+, · also /set /config
[39m  [38;5;243m/image <path>[39m                                                    [38;5;243ma command · attach a picture · tab completes the path
[39m  [38;5;243m/model <slug>[39m                                                                             [38;5;243ma command · switch the model
[39m  [38;5;243m/model[39m                                                 [38;5;243ma command · pick a model · or press its name in the status line
[39m  [38;5;243m? ask here: "/"[39m
[38;5;146m[48;5;235m› [1m[38;5;252m+ start a new conversation in /[0m[48;5;235m

[38;5;243m[49m────────────────────────────────────────────────────────────────────────────────────────────────────────────────────────
[39m [38;5;243m› [38;5;252m/[39m                                                                                                   [38;5;243mhere ~/aforge-v2[39m
 [38;5;252menter[38;5;243m starts a new conversation and sends this · [38;5;252mctrl+enter[38;5;243m ask here · [38;5;252m↑[38;5;243m pick a match · [38;5;252mtab[38;5;243m next place · [38;5;252mesc[38;5;243m clear[39m
