  [38;5;243m· [38;5;116m3[38;5;243m standing orders here — [38;5;146m[48;5;237m/standing[39m[49m                                                                                            [38;5;243m│ + /task[39m
  [38;5;243m· resumed · wrapping[39m                                                                                                            [38;5;243m│ [39m
  [38;5;243m· [38;5;116mesc[38;5;243m interrupts · [38;5;116mctrl+c[38;5;243m twice quits · [38;5;116m?[38;5;243m for help[39m                                                                              [38;5;243m│ standing[39m
  [38;5;243m· there is no manual page named later[39m                                                                                           [38;5;243m│ ◦[39m [38;5;110mthe morning sweep[39m
[38;5;243m  [39m                                                                                                                                [38;5;243m│ [1m[38;5;140m?[0m [38;5;110mCI on master[39m
[38;5;243m  accounts[39m                           [38;5;243mConnected accounts[39m                                                                           [38;5;243m│ ◦[39m [38;5;110mthe public API[39m
[38;5;243m  adaptive-runs[39m                      [38;5;243mAdaptive runs[39m                                                                                [38;5;243m│ + /standing[39m
[38;5;243m  asking-from-home[39m                   [38;5;243mAsking from home — reminders and watches without opening a conversation[39m                      [38;5;243m│ [39m
[38;5;243m  attaching-files[39m                    [38;5;243mAttaching files[39m                                                                              [38;5;243m│ [39m
[38;5;243m  choosing-a-folder[39m                  [38;5;243mChoosing a folder[39m                                                                            [38;5;243m│ [39m
[38;5;243m  commands[39m                           [38;5;243mCommands[39m                                                                                     [38;5;243m│ [39m
[38;5;243m  compacting-over-and-over           Compacting over and over[39m                                                                     [38;5;243m│ [39m
[38;5;243m  debug-record[39m                       [38;5;243mThe debug record[39m                                                                             [38;5;243m│ [39m
[38;5;243m  empty-screen[39m                       [38;5;243mThe empty screen — nothing on it, the screen is blank[39m                                        [38;5;243m│ [39m
[38;5;243m  forking-and-syncing-a-workspace    Forking and syncing a workspace[39m                                                              [38;5;243m│ [39m
[38;5;243m  getting-started[39m                    [38;5;243mGetting started — the first-time setup[39m                                                       [38;5;243m│ [39m
[38;5;243m  hints-and-tips[39m                     [38;5;243mHints and tips[39m                                                                               [38;5;243m│ [39m
[38;5;243m  home[39m                               [38;5;243mHome — one list of everything on this machine[39m                                                [38;5;243m│ [39m
[38;5;243m  how-tasks-run[39m                      [38;5;243mHow work on its own actually runs[39m                                                            [38;5;243m│ [39m
[38;5;243m  keeping-an-eye[39m                     [38;5;243mKeeping an eye on things — reminders, watches, rules, overnight work, and checking on it l…[39m  [38;5;243m│ [39m
[38;5;243m  keys[39m                               [38;5;243mKeys, typing, and the mouse — what all the keys do[39m                                           [38;5;243m│ [39m
[38;5;243m  lanes[39m                              [38;5;243mLanes — which machine answers, and the question a slow lane asks[39m                             [38;5;243m│ [39m
[38;5;243m  making-pictures-audio-and-video    Making pictures, audio and video[39m                                                             [38;5;243m│ [39m
[38;5;243m  models-and-cost[39m                    [38;5;243mModels, context, and what it costs[39m                                                           [38;5;243m│ [39m
[38;5;243m  opening-files-from-that-machine    Opening files from that machine[39m                                                              [38;5;243m│ [39m
[38;5;243m  permissions[39m                        [38;5;243mWhat runs without asking, and who can see your files[39m                                         [38;5;243m│ [39m
[38;5;243m  places[39m                             [38;5;243mPlaces[39m                                                                                       [38;5;243m│ [39m
[38;5;243m  reaching-this-machine-without-ssh  Reaching a machine with a pairing code[39m                                                       [38;5;243m│ [39m
[38;5;243m  reading-a-task-page[39m                [38;5;243mReading a task's page — what is on this task page, what folds, and a page that looks stuck[39m   [38;5;243m│ [39m
[38;5;243m  running-from-the-terminal          Commands you type in a terminal[39m                                                              [38;5;243m│ [39m
[38;5;243m  running-on-another-machine         Running on another machine[39m                                                                   [38;5;243m│ [39m
[38;5;243m  saved-programs[39m                     [38;5;243mSaved programs[39m                                                                               [38;5;243m│ [39m
[38;5;243m  saved-shapes-of-work[39m               [38;5;243mSaved shapes of work — saving a way of working and reusing it[39m                                [38;5;243m│ [39m
[38;5;243m  screen[39m                             [38;5;243mWhat is on the screen[39m                                                                        [38;5;243m│ [39m
[38;5;243m  sessions-and-rewind[39m                [38;5;243mConversations, and taking a message back — undoing something you said[39m                        [38;5;243m│ [39m
[38;5;243m  standing-orders[39m                    [38;5;243mStanding orders — rules that stay true after this conversation[39m                               [38;5;243m│ [39m
[38;5;243m  starting-aforge[39m                    [38;5;243mWhat aforge is, and how you start it[39m                                                         [38;5;243m│ [39m
[38;5;243m  staying-on-that-machine            Staying on that machine[39m                                                                      [38;5;243m│ [39m
[38;5;243m  subharnesses[39m                       [38;5;243mSubharnesses[39m                                                                                 [38;5;243m│ [39m
[38;5;243m  task-rooms-after-restart           A task's room after a restart[39m                                                                [38;5;243m│ [39m
[38;5;243m  tasks[39m                              [38;5;243mWork that runs on its own — tasks, and finding out what one actually did[39m                     [38;5;243m│ [39m
[38;5;243m  what-i-can-do[39m                      [38;5;243mWhat aforge can do for you[39m                                                                   [38;5;243m│ [39m
[38;5;243m  what-i-remember[39m                    [38;5;243mWhat I remember[39m                                                                              [38;5;243m│ [38;5;116mctrl+.[38;5;243m earlier[39m
[38;5;243m  when-the-connection-drops          When the connection drops[39m                                                                    [38;5;243m│ [38;5;252m❯[39m [38;5;116mctrl+g[38;5;243m hide[39m

[38;5;243m─ master* ────────────────────────────────────────────────────────────────────────────────────────────────────── [38;5;116mspace[38;5;243m [38;5;116mspace[38;5;243m home · [38;5;116mctrl+k[38;5;243m switch · [38;5;116m/[38;5;243m commands ─

[39m                                                                                                                                                          [38;5;243m⠿ high
[39m [38;5;243m› [39m
[38;5;243maforge-v2 · deepseek-v4-flash-latest[39m                                                            [38;5;243mcrew balanced · ◦ keeping an eye on 3 · $0.00 · 5.3k/1.3M · idle
