[38;5;243m  reaching-this-machine-without-ssh  Reaching a machine with a pairing code[39m
[38;5;243m  reading-a-task-page[39m                [38;5;243mReading a task's page — what is on this …[39m
[38;5;243m  running-from-the-terminal          Commands you type in a terminal[39m
[38;5;243m  running-on-another-machine         Running on another machine[39m
[38;5;243m  saved-programs[39m                     [38;5;243mSaved programs[39m
[38;5;243m  saved-shapes-of-work[39m               [38;5;243mSaved shapes of work — saving a way of w…[39m
[38;5;243m  screen[39m                             [38;5;243mWhat is on the screen[39m
[38;5;243m  sessions-and-rewind[39m                [38;5;243mConversations, and taking a message back…[39m
[38;5;243m  standing-orders[39m                    [38;5;243mStanding orders — rules that stay true a…[39m
[38;5;243m  starting-aforge[39m                    [38;5;243mWhat aforge is, and how you start it[39m
[38;5;243m  staying-on-that-machine            Staying on that machine[39m
[38;5;243m  subharnesses[39m                       [38;5;243mSubharnesses[39m
[38;5;243m  task-rooms-after-restart           A task's room after a restart[39m
[38;5;243m  tasks[39m                              [38;5;243mWork that runs on its own — tasks, and f…[39m
[38;5;243m  what-i-can-do[39m                      [38;5;243mWhat aforge can do for you[39m
[38;5;243m  what-i-remember[39m                    [38;5;243mWhat I remember[39m
[38;5;243m  when-the-connection-drops          When the connection drops[39m

[38;5;243m─ master* ────────────────────── [38;5;116mspace[38;5;243m [38;5;116mspace[38;5;243m home · [38;5;116mctrl+k[38;5;243m switch · [38;5;116m/[38;5;243m commands ─

[39m                                                                          [38;5;243m⠿ high
[39m [38;5;243m› [39m
[38;5;243maforge-v2 · deepseek-v4-flash-latest[39m
                [38;5;243mcrew balanced · ◦ keeping an eye on 3 · $0.00 · 5.3k/1.3M · idle
