 [1m[38;5;110maforge[0m                                                                                                                           [38;5;115m$0.37 / $500.00[39m · [38;5;243mwed 11:08pm[39m
 [38;5;243m home [39m [38;5;243m tasks [39m [38;5;243m standing [39m [38;5;243m memory [39m [1m[38;5;252m[48;5;237m spend [0m [38;5;243m search [39m [38;5;243m settings [39m
[38;5;243m────────────────────────────────────────────────────────────────────────────────────────────────────────────────────────────────────────────────────────────────

[48;5;237mtoday $0.13 of $500 · /budget sets the limits[39m
[38;5;115m[49m$2.05[38;5;243m · [38;5;252m330.5k[38;5;243m tokens[39m                                                                                                  [38;5;243mshift+← [38;5;252maug 20 – sep 2[38;5;243m →  shift+↑ coarser
[38;5;252m⣀⣦⣦⣿⣦⣷⣶⣷⣤⣶⣄⣶⣀⣦[39m
[38;5;243maug 20[39m                                                                                                                                               [38;5;115mtoday $0.13
[38;5;243maug 23 was the loudest day — $0.29, rebuild-the-frame-budget-report[39m                                                                                        [38;5;243mtasks

what ran it · by the model, and the role it was bound to[39m
[38;5;243m· [38;5;252mclaude-opus-4.1[38;5;243m ████████████ 18 calls · 89.9k[39m                                                                                                            [38;5;115m$1.41
[38;5;243m· [38;5;252mclaude-sonnet-4[38;5;243m ████ 25 calls · 97k[39m                                                                                                                      [38;5;115m$0.46
[38;5;243m· [38;5;252mgpt-5-mini[38;5;243m ██ 61 calls · 139.6k[39m                                                                                                                          [38;5;115m$0.18
[38;5;243m· [38;5;252mdeepseek-v4-flash-0731[38;5;243m █ 3 calls · 2.6k[39m                                                                                                           [38;5;115munder a cent
[38;5;243m· [38;5;252mmistral-nemo[38;5;243m █ 2 calls · 1.4k[39m                                                                                                                     [38;5;115munder a cent

[38;5;243mwhat it was for[39m
[38;5;243m· [38;5;252mWhy the Frame Jumps[38;5;243m · aforge-v2 · a conversation[39m                                                                                                         [38;5;115m$0.38
[38;5;243m· [38;5;252mWhat the Discount Means[38;5;243m · pricing-site · a conversation[39m                                                                                                  [38;5;115m$0.34
[38;5;243m· [38;5;252mrebuild-the-frame-budget-report[38;5;243m · aforge-v2 · a task[39m                                                                                                     [38;5;115m$0.32
[38;5;243m▸ 14 more[39m

























[38;5;243m────────────────────────────────────────────────────────────────────────────────────────────────────────────────────────────────────────────────────────────────
[39m [38;5;243m› say what you want done[39m                                                                                                                      [38;5;243mhere ~/aforge-v2[39m
 [38;5;252menter[38;5;243m talk about it · [38;5;252malt+enter[38;5;243m send it off as a task · [38;5;252malt+.[38;5;243m for the map · [38;5;252mtab[38;5;243m next place[39m
