 [1m[38;5;110maforge[0m     [38;5;186m2 want you[39m · [38;5;146m1 moving[39m · [38;5;115m$0.13 / $500[39m · [38;5;243mthu 5:29am[39m
 [1m[38;5;252m[48;5;237m home [0m[38;5;243m tasks  standing  memory  spend  search  settings [39m
[38;5;243m──────────────────────────────────────────────────────────────

[38;5;252m13 chats · what wants you first[39m         [38;5;243malt+g group by project
[38;5;186m?[39m [38;5;252mThe Tab Bar's Counts[39m                           [38;5;243maforge-v2[39m [38;5;243m40m
[38;5;186m?[39m [38;5;252mtell me when CI goes red on master[39m             [38;5;243maforge-v2[39m [38;5;243mnow
[38;5;146m⠧[39m [38;5;252mThe Certificate Rotation[39m                           [38;5;243minfra[39m [38;5;243m20m
[48;5;235m○[39m [1m[38;5;252mSweeping the Frame Budget[0m[48;5;235m                     [38;5;252maforge-v2[39m [38;5;252mhere
[38;5;243m[49m○[39m [38;5;252mPorting the Picker[39m                              [38;5;243maforge-v2[39m [38;5;243m2m
○[39m [38;5;252m国際化とレイアウト幅 🌏 the Café Pricing Page[39m             [38;5;243m1h
○[39m [38;5;252mWhy the Frame Jumps[39m                             [38;5;243maforge-v2[39m [38;5;243m3h
○[39m [38;5;252mPricing Research[39m                             [38;5;243mpricing-site[39m [38;5;243m3h
○[39m [38;5;252mStanding Up the Watches[39m                         [38;5;243maforge-v2[39m [38;5;243m5h
○[39m [38;5;252mThe Annual Toggle[39m                            [38;5;243mpricing-site[39m [38;5;243m5h
○[39m [38;5;252mReading the Ledger[39m                              [38;5;243maforge-v2[39m [38;5;243m1d
○[39m [38;5;252mWhat the Discount Means[39m                      [38;5;243mpricing-site[39m [38;5;243m1d
○[39m [38;5;252mThe Backup Window[39m                                   [38;5;243minfra[39m [38;5;243m2d
○[39m [38;5;252mRotating the Deploy Key[39m                             [38;5;243minfra[39m [38;5;243m4d


──────────────────────────────────────────────────────────────
[39m [38;5;243m› say what you want done[39m                    [38;5;243mhere ~/aforge-v2[39m
 [38;5;243mtype to search or start something new · [38;5;252mtab[38;5;243m next place[39m
