 [1m[38;5;110maforge[0m                                [38;5;186m1 want you[39m · [38;5;115m$123.45 / $500[39m · [38;5;243mthu 2:16am[39m
 [1m[38;5;252m[48;5;237m home [0m [38;5;243m tasks [39m [38;5;243m standing [39m [38;5;243m memory [39m [38;5;243m spend [39m [38;5;243m search [39m [38;5;243m settings [39m
[38;5;243m────────────────────────────────────────────────────────────────────────────────

[38;5;252m17 chats · what wants you first[39m                           [38;5;243malt+g group by project
[38;5;186m?[39m [38;5;252mtell me when CI goes red on master[39m                                [38;5;243maforge-v2[39m [38;5;243m3h
[48;5;235m○[39m [1m[38;5;252mAforge-v2 Tui Porting[0m[48;5;235m                                           [38;5;252maforge-v2[39m [38;5;252mhere
[38;5;243m[49m○[39m [38;5;252mWrapping Torture[39m                                                  [38;5;243maforge-v2[39m [38;5;243m3h
○[39m [38;5;252mAbout Something You Remember: Deploys on Fridays[39m                  [38;5;243maforge-v2[39m [38;5;243m3h
○[39m [38;5;252mNotakey[39m                                                           [38;5;243maforge-v2[39m [38;5;243m3h
○[39m [38;5;252mWhy the Frame Jumps[39m                                               [38;5;243maforge-v2[39m [38;5;243m3h
○[39m [38;5;252mThe Certificate Rotation[39m                                              [38;5;243minfra[39m [38;5;243m3h
○[39m [38;5;252mThe Tab Bar's Counts[39m                                              [38;5;243maforge-v2[39m [38;5;243m3h
○[39m [38;5;252mEmoji Widths[39m                                                      [38;5;243maforge-v2[39m [38;5;243m3h
○[39m [38;5;252mPorting the Picker[39m                                                [38;5;243maforge-v2[39m [38;5;243m3h
○[39m [38;5;252mLong Question[39m                                                     [38;5;243maforge-v2[39m [38;5;243m3h
○[39m [38;5;252mPricing Research[39m                                               [38;5;243mpricing-site[39m [38;5;243m6h
○[39m [38;5;252mStanding Up the Watches[39m                                           [38;5;243maforge-v2[39m [38;5;243m8h
○[39m [38;5;252mThe Annual Toggle[39m                                              [38;5;243mpricing-site[39m [38;5;243m8h
▸ 4 more, quiet since sep 1[39m

[38;5;243m────────────────────────────────────────────────────────────────────────────────
[39m [38;5;243m› say what you want done[39m                                      [38;5;243mhere ~/aforge-v2[39m
 [38;5;243mtype to search or start something new · [38;5;252m↑↓[38;5;243m pick · [38;5;252menter[38;5;243m open · [38;5;252mtab[38;5;243m next place[39m
