 [1m[38;5;110maforge[0m                                                                      [38;5;186m1 want you[39m · [38;5;115m$0.37 / $500.00[39m · [38;5;243mthu 12:22am[39m
 [1m[38;5;252m[48;5;237m home [0m [38;5;243m tasks [39m [38;5;243m standing [39m [38;5;243m memory [39m [38;5;243m spend [39m [38;5;243m search [39m [38;5;243m settings [39m
[38;5;243m────────────────────────────────────────────────────────────────────────────────────────────────────────────────────────




















[39m  [38;5;243mpricing-site[39m
  [38;5;243m○ The Annual Toggle[39m                                                                                        [38;5;243m1 task · 5h

[39m  [38;5;243minfra[39m
  [38;5;243m○ The Backup Window[39m                                                                                        [38;5;243m1 task · 2d

[39m  [38;5;243maforge-v2[39m
  [38;5;243m○ Why the Frame Jumps[39m                                                                                      [38;5;243m1 task · 3h
[39m  [38;5;252m○ Sweeping the Frame Budget[39m                                                                                  [38;5;243mhere · 4m
[39m  [38;5;243m○ The Tab Bar's Counts[39m                                                                                   [38;5;243m4 tasks · 43m

[39m  [38;5;243m? ask here: "Tab Tab Tab"[39m
[38;5;146m[48;5;235m› [1m[38;5;252m+ start a new conversation: "Tab Tab Tab"[0m[48;5;235m

[38;5;243m[49m────────────────────────────────────────────────────────────────────────────────────────────────────────────────────────
[39m [38;5;243m› [38;5;252mTab Tab Tab[39m                                                                                         [38;5;243mhere ~/aforge-v2[39m
 [38;5;252menter[38;5;243m starts a new conversation and sends this · [38;5;252mctrl+enter[38;5;243m ask here · [38;5;252m↑[38;5;243m pick a match · [38;5;252mtab[38;5;243m next place · [38;5;252mesc[38;5;243m clear[39m
