 [1m[38;5;110maforge[0m                                                                      [38;5;186m1 want you[39m · [38;5;115m$0.13 / $500.00[39m · [38;5;243mthu 12:25am[39m
 [1m[38;5;252m[48;5;237m home [0m [38;5;243m tasks [39m [38;5;243m standing [39m [38;5;243m memory [39m [38;5;243m spend [39m [38;5;243m search [39m [38;5;243m settings [39m
[38;5;243m────────────────────────────────────────────────────────────────────────────────────────────────────────────────────────































[39m  [38;5;243m? ask here: "M-5 M-4 M-3 M-2"[39m
[38;5;146m[48;5;235m› [1m[38;5;252m+ start a new conversation: "M-5 M-4 M-3 M-2"[0m[48;5;235m

[38;5;243m[49m────────────────────────────────────────────────────────────────────────────────────────────────────────────────────────
[39m [38;5;243m› [38;5;252mM-5 M-4 M-3 M-2[39m                                                                                     [38;5;243mhere ~/aforge-v2[39m
 [38;5;252menter[38;5;243m starts a new conversation and sends this · [38;5;252m↑[38;5;243m pick a match · [38;5;252mctrl+enter[38;5;243m ask here · [38;5;252mtab[38;5;243m next place · [38;5;252mesc[38;5;243m clear[39m
