 [1m[38;5;110maforge[0m                                                                                   [38;5;115m$0.13 / $500.00[39m · [38;5;243mthu 12:25am[39m
 [38;5;243m home [39m [38;5;243m tasks [39m [38;5;243m standing [39m [38;5;243m memory [39m [1m[38;5;252m[48;5;237m spend [0m [38;5;243m search [39m [38;5;243m settings [39m
[38;5;243m────────────────────────────────────────────────────────────────────────────────────────────────────────────────────────

[48;5;237mtoday $0.13 of $500 · /budget sets the limits[39m
[38;5;115m[49m$2.05[38;5;243m · [38;5;252m326.5k[38;5;243m tokens[39m                                                          [38;5;243mshift+← [38;5;252maug 21 – sep 3[38;5;243m →  shift+↑ coarser
[38;5;252m⣀⣦⣦⣿⣦⣷⣶⣷⣤⣶⣄⣶⣀⣦[39m
[38;5;243maug 21[39m                                                                                                       [38;5;115mtoday $0.13
[38;5;243maug 24 was the loudest day — $0.29, put-the-annual-toggle-on-the-pricing-page[39m                                      [38;5;243mtasks

what ran it · by the model, and the role it was bound to[39m
[38;5;243m· [38;5;252mclaude-opus-4.1[38;5;243m ████████████ 18 calls · 89.9k[39m                                                                    [38;5;115m$1.41
[38;5;243m· [38;5;252mclaude-sonnet-4[38;5;243m ████ 25 calls · 97k[39m                                                                              [38;5;115m$0.46
[38;5;243m· [38;5;252mgpt-5-mini[38;5;243m ██ 61 calls · 139.6k[39m                                                                                  [38;5;115m$0.18

[38;5;243mwhat it was for[39m
[38;5;243m· [38;5;252mPorting the Picker[38;5;243m · aforge-v2 · a conversation[39m                                                                  [38;5;115m$0.50
[38;5;243m· [38;5;252mRotating the Deploy Key[38;5;243m · infra · a conversation[39m                                                                 [38;5;115m$0.36
[38;5;243m· [38;5;252mput-the-annual-toggle-on-the-pricing-page[38;5;243m · infra · a task[39m                                                       [38;5;115m$0.24
[38;5;243m▸ 15 more[39m

















[38;5;243m────────────────────────────────────────────────────────────────────────────────────────────────────────────────────────
[39m [38;5;243m› say what you want done[39m                                                                              [38;5;243mhere ~/aforge-v2[39m
 [38;5;252menter[38;5;243m opens what spent it · [38;5;252m→[38;5;243m the limits · [38;5;252mshift+←→[38;5;243m move the days · [38;5;252mtab[38;5;243m next place · [38;5;252mesc[39m
