 [1m[38;5;110maforge[0m                                           [38;5;115m$0.37 / $500.00[39m · [38;5;243mwed 11:14pm[39m
 [38;5;243m home [39m [38;5;243m tasks [39m [38;5;243m standing [39m [1m[38;5;252m[48;5;237m memory [0m [38;5;243m spend [39m [38;5;243m search [39m [38;5;243m settings [39m
[38;5;243m────────────────────────────────────────────────────────────────────────────────

[38;5;252m12 held · 3 shelves · 1 let go[39m                                    [38;5;243mtype to filter

[38;5;110mshelves · …[39m  [38;5;243mfact 7 · preference 2 · decision 2 · correction 1 · project state 1
[38;5;110m[48;5;237m▾ you · 6[38;5;243m  mostly facts · 6 new today[39m                                         [38;5;243m6m
[38;5;252m[49m· deploys on Fridays[38;5;243m  fact  new, learned 6m[39m                                   [38;5;243m6m
· Ships on Fridays  fact  let go[39m                                             [38;5;243m15m
[38;5;252m· It is the strip, not the toolbar[38;5;243m  correction  helped 3 times[39m               [38;5;243m15m
▸ 3 more, on this shelf[39m
[38;5;110m▸ this project · 4[38;5;243m  mostly decisions · 4 new today[39m                           [38;5;243m15m
[38;5;110m▸ this machine · 3[38;5;243m  mostly facts · 3 new today[39m                               [38;5;243m15m







────────────────────────────────────────────────────────────────────────────────
[39m [38;5;243m› say what you want done[39m                                      [38;5;243mhere ~/aforge-v2[39m
 [38;5;252menter[38;5;243m open a shelf · type to filter · [38;5;252malt+s[38;5;243m walk the shelves · [38;5;252mtab[38;5;243m next place[39m
