 [1m[38;5;110maforge[0m                                                                                   [38;5;115m$0.37 / $500.00[39m · [38;5;243mwed 11:00pm[39m
 [38;5;243m home [39m [38;5;243m tasks [39m [1m[38;5;252m[48;5;237m standing [0m [38;5;243m memory [39m [38;5;243m spend [39m [38;5;243m search [39m [38;5;243m settings [39m
[38;5;243m────────────────────────────────────────────────────────────────────────────────────────────────────────────────────────

  standing orders[39m                                                              [38;5;243mshift+← [38;5;252maug 24 – sep 2[38;5;243m →  shift+↑ coarser
  for this project[39m
[38;5;146m[48;5;235m› [1m[38;5;252m◦ the public API[0m[48;5;235m                                                                                                 [38;5;252mholds
[39m[49m  [38;5;243m◦ the morning sweep[39m                                               [38;5;243mearning trust 3/5 · every morning at nine · last 14h
[39m  [38;5;243m? CI on master[39m        [38;5;243mearning trust 0/5 · needs your look · May I re-run the typecheck job to see whether it is flaky?
  in other projects[39m
  [38;5;243m∙ the Monday advisory check[39m                                                                        [38;5;243masks first · paused


























────────────────────────────────────────────────────────────────────────────────────────────────────────────────────────
[39m [38;5;243m› say what you want done[39m                                                                              [38;5;243mhere ~/aforge-v2[39m
 [38;5;252menter[38;5;243m open where it was asked · [38;5;252m→[38;5;243m pause · stop · not here · [38;5;252mtab[38;5;243m next place · [38;5;252mesc[39m
