test_active_policy_and_knowledge_have_no_source_game_names (test_game_agnostic.GameAgnosticTests.test_active_policy_and_knowledge_have_no_source_game_names) ... ok
test_arbitrary_unreviewed_skill_blocks_without_a_game_prefix (test_game_agnostic.GameAgnosticTests.test_arbitrary_unreviewed_skill_blocks_without_a_game_prefix) ... ok
test_assembler_accepts_only_declared_review_reference_path (test_game_agnostic.GameAgnosticTests.test_assembler_accepts_only_declared_review_reference_path) ... ok
test_explicitly_reviewed_extra_skill_is_preserved (test_game_agnostic.GameAgnosticTests.test_explicitly_reviewed_extra_skill_is_preserved) ... ok
test_foreign_profile_invariants_are_rejected (test_game_agnostic.GameAgnosticTests.test_foreign_profile_invariants_are_rejected) ... ok
test_generic_lesson_preserves_fifteen_responsibilities (test_game_agnostic.GameAgnosticTests.test_generic_lesson_preserves_fifteen_responsibilities) ... ok
test_malformed_skill_registry_fails_explicitly (test_game_agnostic.GameAgnosticTests.test_malformed_skill_registry_fails_explicitly) ... ok
test_missing_nonpreserved_knowledge_cannot_pass_package_check (test_game_agnostic.GameAgnosticTests.test_missing_nonpreserved_knowledge_cannot_pass_package_check) ... ok
test_profiles_are_distinct_synthetic_contracts (test_game_agnostic.GameAgnosticTests.test_profiles_are_distinct_synthetic_contracts) ... ok
test_real_seed_does_not_select_game_configuration (test_game_agnostic.GameAgnosticTests.test_real_seed_does_not_select_game_configuration) ... ok
test_reference_only_lesson_is_not_a_knowledge_selection (test_game_agnostic.GameAgnosticTests.test_reference_only_lesson_is_not_a_knowledge_selection) ... ok
test_scanner_rejects_name_variants (test_game_agnostic.GameAgnosticTests.test_scanner_rejects_name_variants) ... ok
test_shipped_profiles_block_execution_until_reconciled (test_game_agnostic.GameAgnosticTests.test_shipped_profiles_block_execution_until_reconciled) ... ok
test_test_receipts_include_markdown_inputs_not_generated_evidence (test_game_agnostic.GameAgnosticTests.test_test_receipts_include_markdown_inputs_not_generated_evidence) ... ok
test_unregistered_skill_cannot_hide_behind_studio_prefix (test_game_agnostic.GameAgnosticTests.test_unregistered_skill_cannot_hide_behind_studio_prefix) ... ok
test_applicable_detail_checklists_present (test_review_amendments.ReviewAmendmentTests.test_applicable_detail_checklists_present) ... ok
test_knowledge_digest_tracks_k12_without_extra_uploads (test_review_amendments.ReviewAmendmentTests.test_knowledge_digest_tracks_k12_without_extra_uploads) ... ok
test_open_game_decisions_not_promoted (test_review_amendments.ReviewAmendmentTests.test_open_game_decisions_not_promoted) ... ok
test_overlay_matches_real_schema (test_review_amendments.ReviewAmendmentTests.test_overlay_matches_real_schema) ... ok
test_prior_k12_preserved_exactly (test_review_amendments.ReviewAmendmentTests.test_prior_k12_preserved_exactly) ... ok
test_significant_generic_invariants_retained (test_review_amendments.ReviewAmendmentTests.test_significant_generic_invariants_retained) ... ok
test_cancelled_not_pass (test_package.BuildParserTests.test_cancelled_not_pass) ... ok
test_failed_is_fail_not_error (test_package.BuildParserTests.test_failed_is_fail_not_error) ... ok
test_missing_result_is_malformed (test_package.BuildParserTests.test_missing_result_is_malformed) ... ok
test_no_outputs (test_package.BuildParserTests.test_no_outputs) ... ok
test_output_digest_mismatch (test_package.BuildParserTests.test_output_digest_mismatch) ... ok
test_stale_output_directory (test_package.BuildParserTests.test_stale_output_directory) ... ok
test_success_actual_hashed_output (test_package.BuildParserTests.test_success_actual_hashed_output) ... ok
test_wrong_target (test_package.BuildParserTests.test_wrong_target) ... ok
test_assembler_accepts_crlf_checkout_of_preserved_blob (test_package.PackageTests.test_assembler_accepts_crlf_checkout_of_preserved_blob) ... ok
test_assembler_real_git_blob (test_package.PackageTests.test_assembler_real_git_blob) ... ok
test_assembler_rejects_real_preserved_content_conflict (test_package.PackageTests.test_assembler_rejects_real_preserved_content_conflict) ... ok
test_assembler_rejects_unsafe_reference (test_package.PackageTests.test_assembler_rejects_unsafe_reference) ... ok
test_budget_metrics (test_package.PackageTests.test_budget_metrics) ... ok
test_canonical_copies (test_package.PackageTests.test_canonical_copies) ... ok
test_distribution_nonempty (test_package.PackageTests.test_distribution_nonempty) ... ok
test_missing_preserved_blocks_full_validation (test_package.PackageTests.test_missing_preserved_blocks_full_validation) ... ok
test_no_design_in_game (test_package.PackageTests.test_no_design_in_game) ... ok
test_package_additions_no_false_full_pass (test_package.PackageTests.test_package_additions_no_false_full_pass) ... ok
test_release_actual_match (test_package.PackageTests.test_release_actual_match) ... ok
test_release_empty_blocks (test_package.PackageTests.test_release_empty_blocks) ... ok
test_release_empty_policy_blocks (test_package.PackageTests.test_release_empty_policy_blocks) ... ok
test_release_no_match_narrow_only (test_package.PackageTests.test_release_no_match_narrow_only) ... ok
test_seed_project_schema_valid (test_package.PackageTests.test_seed_project_schema_valid) ... ok

----------------------------------------------------------------------
Ran 44 tests in 0.929s

OK
