Discovery only; no tests executed.
Observed efficiency runtime cases: 21 ; historical count: 21; changed: False
B04b (20 cases)
  test_efficiency_runtime.EfficiencyRuntimeTests.test_case_index_not_retained_across_snapshots
  test_efficiency_runtime.EfficiencyRuntimeTests.test_corrupt_latest_never_falls_back_silently
  test_efficiency_runtime.EfficiencyRuntimeTests.test_default_whole_dependency_fallback_stays_conservative
  test_efficiency_runtime.EfficiencyRuntimeTests.test_dense_directory_enumerated_once_per_snapshot
  test_efficiency_runtime.EfficiencyRuntimeTests.test_fail_fast_leaves_following_checks_unrun
  test_efficiency_runtime.EfficiencyRuntimeTests.test_invalid_selection_fails_before_writes
  test_efficiency_runtime.EfficiencyRuntimeTests.test_missing_current_artifact_blocks_reuse
  test_efficiency_runtime.EfficiencyRuntimeTests.test_old_corruption_only_deep_history_but_stays_accessible
  test_efficiency_runtime.EfficiencyRuntimeTests.test_one_automated_plus_manual_uses_two_snapshots
  test_efficiency_runtime.EfficiencyRuntimeTests.test_real_cli_selection_and_history
  test_efficiency_runtime.EfficiencyRuntimeTests.test_relevant_change_is_executed_not_reused
  test_efficiency_runtime.EfficiencyRuntimeTests.test_repair_cannot_expand_approved_scope
  test_efficiency_runtime.EfficiencyRuntimeTests.test_reviewed_unrelated_change_reuses
  test_efficiency_runtime.EfficiencyRuntimeTests.test_selected_profile_cannot_claim_fresh_full_gate
  test_efficiency_runtime.EfficiencyRuntimeTests.test_selected_second_does_not_hide_first_failure
  test_efficiency_runtime.EfficiencyRuntimeTests.test_status_parses_only_latest_supporting_result_history_can_deep_audit
  test_efficiency_runtime.EfficiencyRuntimeTests.test_threshold_pause_cannot_use_ordinary_repair
  test_efficiency_runtime.EfficiencyRuntimeTests.test_two_ordinary_repairs_do_not_consume_exception_budget
  test_efficiency_runtime.EfficiencyRuntimeTests.test_unchanged_fast_reused_but_final_gate_still_missing
  test_efficiency_runtime.EfficiencyRuntimeTests.test_unchanged_final_reuse_is_noop_and_keeps_original_time
B04c (1 cases)
  test_efficiency_runtime.EfficiencyRuntimeTests.test_user_pause_not_bypassed_by_repair
