test_audit_detects_mutation (test_runtime.ProcessTests.test_audit_detects_mutation) ... ok
test_build_failure (test_runtime.ProcessTests.test_build_failure) ... FAIL
test_compile_error (test_runtime.ProcessTests.test_compile_error) ... ok
test_diagnostics_clean (test_runtime.ProcessTests.test_diagnostics_clean) ... ok
test_diagnostics_new (test_runtime.ProcessTests.test_diagnostics_new) ... ok
test_facts_disagree (test_runtime.ProcessTests.test_facts_disagree) ... ok
test_facts_match (test_runtime.ProcessTests.test_facts_match) ... ok
test_missing_artifact (test_runtime.ProcessTests.test_missing_artifact) ... ok
test_nonzero_exit (test_runtime.ProcessTests.test_nonzero_exit) ... ok
test_reviewed_narrow_dependencies (test_runtime.ProcessTests.test_reviewed_narrow_dependencies) ... ok
test_skipped_required (test_runtime.ProcessTests.test_skipped_required) ... ok
test_timeout (test_runtime.ProcessTests.test_timeout) ... ok
test_two_materially_different_profiles (test_runtime.ProcessTests.test_two_materially_different_profiles) ... ok
test_wrong_run_identity (test_runtime.ProcessTests.test_wrong_run_identity) ... ok
test_wrong_test_name (test_runtime.ProcessTests.test_wrong_test_name) ... ok
test_xml_entities (test_runtime.ProcessTests.test_xml_entities) ... ok
test_zero_tests (test_runtime.ProcessTests.test_zero_tests) ... ok
test_approval_subject (test_runtime.RuntimeTests.test_approval_subject) ... ok
test_archive_and_no_task_reuse (test_runtime.RuntimeTests.test_archive_and_no_task_reuse) ... ok
test_begin_without_approval (test_runtime.RuntimeTests.test_begin_without_approval) ... ok
test_begin_without_plan (test_runtime.RuntimeTests.test_begin_without_plan) ... ok
test_blocking_question (test_runtime.RuntimeTests.test_blocking_question) ... ok
test_case_collision (test_runtime.RuntimeTests.test_case_collision) ... ok
test_concurrent_state_revision (test_runtime.RuntimeTests.test_concurrent_state_revision) ... ok
test_dirty_after_plan_before_approval (test_runtime.RuntimeTests.test_dirty_after_plan_before_approval) ... ok
test_draft_is_not_execution (test_runtime.RuntimeTests.test_draft_is_not_execution) ... ok
test_dropped_acceptance (test_runtime.RuntimeTests.test_dropped_acceptance) ... ok
test_dropped_check (test_runtime.RuntimeTests.test_dropped_check) ... ok
test_dropped_invariant (test_runtime.RuntimeTests.test_dropped_invariant) ... ok
test_duplicate_check_id (test_runtime.RuntimeTests.test_duplicate_check_id) ... ok
test_duplicate_json_keys (test_runtime.RuntimeTests.test_duplicate_json_keys) ... ok
test_duplicate_receipt_check (test_runtime.RuntimeTests.test_duplicate_receipt_check) ... ok
test_duplicate_skills_block (test_runtime.RuntimeTests.test_duplicate_skills_block) ... ok
test_failed_then_pass_preserves_history (test_runtime.RuntimeTests.test_failed_then_pass_preserves_history) ... ok
test_human_automation_rejected (test_runtime.RuntimeTests.test_human_automation_rejected) ... ok
test_illegal_transition (test_runtime.RuntimeTests.test_illegal_transition) ... ok
test_interrupted_run_resume (test_runtime.RuntimeTests.test_interrupted_run_resume) ... ok
test_lfs_pointer_blocks (test_runtime.RuntimeTests.test_lfs_pointer_blocks) ... ok
test_lock_serializes_writers (test_runtime.RuntimeTests.test_lock_serializes_writers) ... ok
test_manifest_mismatch (test_runtime.RuntimeTests.test_manifest_mismatch) ... ok
test_manual_not_automated (test_runtime.RuntimeTests.test_manual_not_automated) ... ok
test_missing_artifact (test_runtime.RuntimeTests.test_missing_artifact) ... ok
test_missing_configuration (test_runtime.RuntimeTests.test_missing_configuration) ... ok
test_missing_design_approval (test_runtime.RuntimeTests.test_missing_design_approval) ... ok
test_missing_human_acceptance (test_runtime.RuntimeTests.test_missing_human_acceptance) ... ok
test_missing_raw_artifact (test_runtime.RuntimeTests.test_missing_raw_artifact) ... ok
test_missing_receipt (test_runtime.RuntimeTests.test_missing_receipt) ... 