B02b pinned head: 4beef224bdf4ab8446ba257b957f55b67bb6ec3b
Selected partition: 20 or fewer exact cases from PARTITIONS.json
CASE test_runtime.RuntimeTests.test_begin_without_plan
CASE test_runtime.RuntimeTests.test_blocking_question
CASE test_runtime.RuntimeTests.test_case_collision
CASE test_runtime.RuntimeTests.test_concurrent_state_revision
CASE test_runtime.RuntimeTests.test_dirty_after_plan_before_approval
CASE test_runtime.RuntimeTests.test_draft_is_not_execution
CASE test_runtime.RuntimeTests.test_dropped_acceptance
CASE test_runtime.RuntimeTests.test_dropped_check
CASE test_runtime.RuntimeTests.test_dropped_invariant
CASE test_runtime.RuntimeTests.test_duplicate_check_id
CASE test_runtime.RuntimeTests.test_duplicate_json_keys
CASE test_runtime.RuntimeTests.test_duplicate_receipt_check
CASE test_runtime.RuntimeTests.test_duplicate_skills_block
CASE test_runtime.RuntimeTests.test_failed_then_pass_preserves_history
CASE test_runtime.RuntimeTests.test_human_automation_rejected
CASE test_runtime.RuntimeTests.test_illegal_transition
CASE test_runtime.RuntimeTests.test_interrupted_run_resume
CASE test_runtime.RuntimeTests.test_lfs_pointer_blocks
CASE test_runtime.RuntimeTests.test_lock_serializes_writers
CASE test_runtime.RuntimeTests.test_manifest_mismatch
test_begin_without_plan (test_runtime.RuntimeTests.test_begin_without_plan) ... ok
test_blocking_question (test_runtime.RuntimeTests.test_blocking_question) ... ok
test_case_collision (test_runtime.RuntimeTests.test_case_collision) ... ok
test_concurrent_state_revision (test_runtime.RuntimeTests.test_concurrent_state_revision) ... ok
test_dirty_after_plan_before_approval (test_runtime.RuntimeTests.test_dirty_after_plan_before_approval) ... ok
test_draft_is_not_execution (test_runtime.RuntimeTests.test_draft_is_not_execution) ... ok
test_dropped_acceptance (test_runtime.RuntimeTests.test_dropped_acceptance) ... ok
test_dropped_check (test_runtime.RuntimeTests.test_dropped_check) ... ok
test_dropped_invariant (test_runtime.RuntimeTests.test_dropped_invariant) ... ok
test_duplicate_check_id (test_runtime.RuntimeTests.test_duplicate_check_id) ... ok
test_duplicate_json_keys (test_runtime.RuntimeTests.test_duplicate_json_keys) ... ok
test_duplicate_receipt_check (test_runtime.RuntimeTests.test_duplicate_receipt_check) ... ok
test_duplicate_skills_block (test_runtime.RuntimeTests.test_duplicate_skills_block) ... ok
test_failed_then_pass_preserves_history (test_runtime.RuntimeTests.test_failed_then_pass_preserves_history) ... ok
test_human_automation_rejected (test_runtime.RuntimeTests.test_human_automation_rejected) ... ok
test_illegal_transition (test_runtime.RuntimeTests.test_illegal_transition) ... ok
test_interrupted_run_resume (test_runtime.RuntimeTests.test_interrupted_run_resume) ... ok
test_lfs_pointer_blocks (test_runtime.RuntimeTests.test_lfs_pointer_blocks) ... ok
test_lock_serializes_writers (test_runtime.RuntimeTests.test_lock_serializes_writers) ... ok
test_manifest_mismatch (test_runtime.RuntimeTests.test_manifest_mismatch) ... ok

----------------------------------------------------------------------
Ran 20 tests in 2.924s

OK
B02b result: PASS; source hashes unchanged; exit status: 0
