B04a pinned head: 99b8b07cb43940a7e5f065dfea66002dda8b62bb
Selected partition: 20 or fewer exact cases from PARTITIONS.json
CASE test_efficiency_views.EfficiencyViewTests.test_all_decision_fields_present_without_source_roster
CASE test_efficiency_views.EfficiencyViewTests.test_changed_handoff_is_blocked
CASE test_efficiency_views.EfficiencyViewTests.test_context_cli_emits_valid_json
CASE test_efficiency_views.EfficiencyViewTests.test_context_does_not_write_workspace
CASE test_efficiency_views.EfficiencyViewTests.test_context_size_not_proportional_to_irrelevant_source_roster
CASE test_efficiency_views.EfficiencyViewTests.test_generated_draft_has_no_approval_and_blocks_execution_plan
CASE test_efficiency_views.EfficiencyViewTests.test_missing_raw_artifact_visible
CASE test_efficiency_views.EfficiencyViewTests.test_return_keeps_full_evidence_and_every_criterion
CASE test_efficiency_views.EfficiencyViewTests.test_schema_transitive_closure_and_unknown_rejection
CASE test_efficiency_views.EfficiencyViewTests.test_tampered_plan_is_not_projected_as_valid
CASE test_efficiency_views.EfficiencyViewTests.test_unrelated_edit_keeps_evidence_and_relevant_edit_invalidates
test_all_decision_fields_present_without_source_roster (test_efficiency_views.EfficiencyViewTests.test_all_decision_fields_present_without_source_roster) ... ok
test_changed_handoff_is_blocked (test_efficiency_views.EfficiencyViewTests.test_changed_handoff_is_blocked) ... ok
test_context_cli_emits_valid_json (test_efficiency_views.EfficiencyViewTests.test_context_cli_emits_valid_json) ... ok
test_context_does_not_write_workspace (test_efficiency_views.EfficiencyViewTests.test_context_does_not_write_workspace) ... ok
test_context_size_not_proportional_to_irrelevant_source_roster (test_efficiency_views.EfficiencyViewTests.test_context_size_not_proportional_to_irrelevant_source_roster) ... ok
test_generated_draft_has_no_approval_and_blocks_execution_plan (test_efficiency_views.EfficiencyViewTests.test_generated_draft_has_no_approval_and_blocks_execution_plan) ... ok
test_missing_raw_artifact_visible (test_efficiency_views.EfficiencyViewTests.test_missing_raw_artifact_visible) ... ok
test_return_keeps_full_evidence_and_every_criterion (test_efficiency_views.EfficiencyViewTests.test_return_keeps_full_evidence_and_every_criterion) ... ok
test_schema_transitive_closure_and_unknown_rejection (test_efficiency_views.EfficiencyViewTests.test_schema_transitive_closure_and_unknown_rejection) ... ok
test_tampered_plan_is_not_projected_as_valid (test_efficiency_views.EfficiencyViewTests.test_tampered_plan_is_not_projected_as_valid) ... ok
test_unrelated_edit_keeps_evidence_and_relevant_edit_invalidates (test_efficiency_views.EfficiencyViewTests.test_unrelated_edit_keeps_evidence_and_relevant_edit_invalidates) ... ok

----------------------------------------------------------------------
Ran 11 tests in 4.284s

OK
B04a result: PASS; source hashes unchanged; exit status: 0
